== local app/View/Components files ==
/mnt/g/xianmu/juqing/baoUIIT/app/View/Components/Forms/Button.php
/mnt/g/xianmu/juqing/baoUIIT/app/View/Components/Forms/Checkbox.php
/mnt/g/xianmu/juqing/baoUIIT/app/View/Components/Forms/Datalist.php
/mnt/g/xianmu/juqing/baoUIIT/app/View/Components/Forms/EnvVarInput.php
/mnt/g/xianmu/juqing/baoUIIT/app/View/Components/Forms/Input.php
/mnt/g/xianmu/juqing/baoUIIT/app/View/Components/Forms/Textarea.php
/mnt/g/xianmu/juqing/baoUIIT/app/View/Components/Services/Links.php
== local resources/views/components (top) ==
application
applications
auth
backup-sidebar.blade.php
backup-tabs.blade.php
banner.blade.php
beta-badge.blade.php
boarding-progress.blade.php
boarding-step.blade.php
breadcrumb-switcher.blade.php
callout.blade.php
checkpoint-item.blade.php
chevron-down.blade.php
client-pagination.blade.php
configuration-warning.blade.php
copy-button.blade.php
danger-zone.blade.php
dashboard
database
database-status-info.blade.php
deploying-indicator.blade.php
deployment
deprecated-badge.blade.php
digital-ocean-icon.blade.php
domain-conflict-modal.blade.php
emails
empty.blade.php
environment-variable-warning.blade.php
error-page.blade.php
external-link.blade.php
forms
git-icon.blade.php
helper.blade.php
highlighted.blade.php
icon-tooltip.blade.php
layout-simple.blade.php
layout.blade.php
limit-reached.blade.php
loading-on-button.blade.php
loading.blade.php
modal-confirmation.blade.php
modal-input.blade.php
navbar.blade.php
notification
page-loading.blade.php
page-size-select.blade.php
popup-small.blade.php
popup.blade.php
process-dialog.blade.php
proxy-configuration-warning.blade.php
reicon.blade.php
resource-heading-tabs.blade.php
section-heading.blade.php
security
server
server-timing-hud.blade.php
service
service-database
services
settings
shared-variables
skeleton
skeleton.blade.php
split-action.blade.php
status
status-badge.blade.php
status-summary.blade.php
table
table-pagination.blade.php
team
terminal
theme-controls
theme-controls.blade.php
toast.blade.php
top-breadcrumb.blade.php
top-user-menu.blade.php
two-factor-badge.blade.php
unsaved-bar.blade.php
upgrade-progress.blade.php
version.blade.php
== local deploying/status/split/summary components ==
/mnt/g/xianmu/juqing/baoUIIT/resources/views/components/deploying-indicator.blade.php
/mnt/g/xianmu/juqing/baoUIIT/resources/views/components/deployment
/mnt/g/xianmu/juqing/baoUIIT/resources/views/components/modal-confirmation.blade.php
/mnt/g/xianmu/juqing/baoUIIT/resources/views/components/reicon.blade.php
/mnt/g/xianmu/juqing/baoUIIT/resources/views/components/server/status-summary.blade.php
/mnt/g/xianmu/juqing/baoUIIT/resources/views/components/split-action.blade.php
/mnt/g/xianmu/juqing/baoUIIT/resources/views/components/status-summary.blade.php
